INFO:     Started server process [3592]
INFO:     Waiting for application startup.
2026-06-23 10:42:40,924 INFO api.main: Database is ready
INFO:     Application startup complete.
INFO:     Uvicorn running on http://0.0.0.0:8080 (Press CTRL+C to quit)
2026-06-23 10:48:39,681 INFO httpx: HTTP Request: GET https://api.binance.com/api/v3/klines?symbol=BNBUSDT&interval=1m&limit=250 "HTTP/1.1 200 OK"
2026-06-23 10:49:05,288 INFO httpx: HTTP Request: GET https://api.binance.com/api/v3/klines?symbol=BNBUSDT&interval=1m&limit=250 "HTTP/1.1 200 OK"
2026-06-23 10:49:23,166 INFO httpx: HTTP Request: GET https://api.binance.com/api/v3/klines?symbol=BNBUSDT&interval=1m&limit=250 "HTTP/1.1 200 OK"
2026-06-23 10:49:48,159 INFO httpx: HTTP Request: GET https://api.binance.com/api/v3/klines?symbol=BNBUSDT&interval=1m&limit=250 "HTTP/1.1 200 OK"
2026-06-23 11:03:47,869 INFO httpx: HTTP Request: GET https://api.binance.com/api/v3/klines?symbol=BNBUSDT&interval=5m&limit=250 "HTTP/1.1 200 OK"
2026-06-23 11:03:47,942 INFO signal_engine.ml_model: Using cold-start ML fallback for BNB/USD 5m
2026-06-23 11:21:58,452 INFO httpx: HTTP Request: GET https://api.binance.com/api/v3/klines?symbol=BNBUSDT&interval=5m&limit=250 "HTTP/1.1 200 OK"
2026-06-23 11:21:58,540 INFO signal_engine.ml_model: Using cold-start ML fallback for BNB/USD 5m
2026-06-23 11:30:08,097 INFO httpx: HTTP Request: POST https://api.telegram.org/bot8291245060:AAGJ6SjIwdBlIJ1xJjRvKsj_y0OCAmke4DM/createInvoiceLink "HTTP/1.1 200 OK"
2026-06-23 11:30:17,180 INFO httpx: HTTP Request: POST https://api.telegram.org/bot8291245060:AAGJ6SjIwdBlIJ1xJjRvKsj_y0OCAmke4DM/createInvoiceLink "HTTP/1.1 200 OK"
2026-06-23 11:30:55,445 INFO httpx: HTTP Request: POST https://api.telegram.org/bot8291245060:AAGJ6SjIwdBlIJ1xJjRvKsj_y0OCAmke4DM/createInvoiceLink "HTTP/1.1 200 OK"
2026-06-23 11:31:06,610 INFO httpx: HTTP Request: GET https://api.binance.com/api/v3/klines?symbol=BNBUSDT&interval=5m&limit=250 "HTTP/1.1 200 OK"
2026-06-23 11:31:06,697 INFO signal_engine.ml_model: Using cold-start ML fallback for BNB/USD 5m
2026-06-23 11:35:53,099 INFO httpx: HTTP Request: GET https://api.binance.com/api/v3/klines?symbol=BNBUSDT&interval=5m&limit=250 "HTTP/1.1 200 OK"
2026-06-23 11:35:53,167 INFO signal_engine.ml_model: Using cold-start ML fallback for BNB/USD 5m
2026-06-23 11:37:50,586 INFO httpx: HTTP Request: GET https://api.binance.com/api/v3/klines?symbol=BNBUSDT&interval=1m&limit=250 "HTTP/1.1 200 OK"
2026-06-23 11:39:53,008 INFO httpx: HTTP Request: GET https://api.binance.com/api/v3/klines?symbol=BNBUSDT&interval=1m&limit=250 "HTTP/1.1 200 OK"
2026-06-23 11:41:09,391 INFO httpx: HTTP Request: GET https://api.binance.com/api/v3/klines?symbol=BNBUSDT&interval=1m&limit=250 "HTTP/1.1 200 OK"
2026-06-23 11:42:56,861 INFO httpx: HTTP Request: GET https://api.binance.com/api/v3/klines?symbol=BNBUSDT&interval=1m&limit=250 "HTTP/1.1 200 OK"
2026-06-23 11:44:56,037 INFO httpx: HTTP Request: GET https://api.binance.com/api/v3/klines?symbol=BNBUSDT&interval=5m&limit=250 "HTTP/1.1 200 OK"
2026-06-23 11:44:56,105 INFO signal_engine.ml_model: Using cold-start ML fallback for BNB/USD 5m
2026-06-23 11:49:55,896 INFO httpx: HTTP Request: GET https://api.binance.com/api/v3/klines?symbol=BNBUSDT&interval=5m&limit=250 "HTTP/1.1 200 OK"
2026-06-23 11:49:55,994 INFO signal_engine.ml_model: Using cold-start ML fallback for BNB/USD 5m
2026-06-23 11:54:20,063 INFO httpx: HTTP Request: GET https://api.binance.com/api/v3/klines?symbol=BNBUSDT&interval=5m&limit=250 "HTTP/1.1 200 OK"
2026-06-23 11:54:20,144 INFO signal_engine.ml_model: Using cold-start ML fallback for BNB/USD 5m
2026-06-23 11:54:57,304 INFO httpx: HTTP Request: GET https://api.binance.com/api/v3/klines?symbol=BNBUSDT&interval=5m&limit=250 "HTTP/1.1 200 OK"
2026-06-23 11:54:57,402 INFO signal_engine.ml_model: Using cold-start ML fallback for BNB/USD 5m
2026-06-23 11:59:55,226 INFO httpx: HTTP Request: GET https://api.binance.com/api/v3/klines?symbol=BNBUSDT&interval=5m&limit=250 "HTTP/1.1 200 OK"
2026-06-23 11:59:55,305 INFO signal_engine.ml_model: Using cold-start ML fallback for BNB/USD 5m
2026-06-23 12:02:08,890 INFO httpx: HTTP Request: GET https://api.binance.com/api/v3/klines?symbol=BNBUSDT&interval=5m&limit=250 "HTTP/1.1 200 OK"
2026-06-23 12:02:09,291 INFO signal_engine.ml_model: Using cold-start ML fallback for BNB/USD 5m
2026-06-23 12:04:56,082 INFO httpx: HTTP Request: GET https://api.binance.com/api/v3/klines?symbol=BNBUSDT&interval=5m&limit=250 "HTTP/1.1 200 OK"
2026-06-23 12:04:56,153 INFO signal_engine.ml_model: Using cold-start ML fallback for BNB/USD 5m
