INFO:     127.0.0.1:58661 - "GET /health HTTP/1.1" 200 OK
INFO:     2a01:e11:1e:3e0:1c6e:80fe:ac91:6480:0 - "GET /health HTTP/1.1" 200 OK
INFO:     2a01:e11:1e:3e0:1c6e:80fe:ac91:6480:0 - "GET /favicon.ico HTTP/1.1" 404 Not Found
INFO:     2a01:e11:1e:3e0:1c6e:80fe:ac91:6480:0 - "GET /favicon.ico HTTP/1.1" 404 Not Found
INFO:     2a01:e11:1e:3e0:75cd:1b95:a4f7:287:0 - "OPTIONS /api/auth/telegram HTTP/1.1" 200 OK
INFO:     2a01:e11:1e:3e0:75cd:1b95:a4f7:287:0 - "OPTIONS /api/auth/telegram HTTP/1.1" 200 OK
INFO:     2a01:e11:1e:3e0:75cd:1b95:a4f7:287:0 - "OPTIONS /api/auth/telegram HTTP/1.1" 200 OK
INFO:     2a01:e11:1e:3e0:75cd:1b95:a4f7:287:0 - "OPTIONS /api/auth/telegram HTTP/1.1" 200 OK
INFO:     2a01:e11:1e:3e0:75cd:1b95:a4f7:287:0 - "POST /api/auth/telegram HTTP/1.1" 200 OK
INFO:     2a01:e11:1e:3e0:75cd:1b95:a4f7:287:0 - "POST /api/auth/telegram HTTP/1.1" 200 OK
INFO:     2a01:e11:1e:3e0:75cd:1b95:a4f7:287:0 - "POST /api/auth/telegram HTTP/1.1" 200 OK
INFO:     2a01:e11:1e:3e0:75cd:1b95:a4f7:287:0 - "POST /api/auth/telegram HTTP/1.1" 200 OK
INFO:     2a01:e11:1e:3e0:75cd:1b95:a4f7:287:0 - "OPTIONS /api/sessions/stats HTTP/1.1" 200 OK
INFO:     2a01:e11:1e:3e0:75cd:1b95:a4f7:287:0 - "OPTIONS /api/sessions/stats HTTP/1.1" 200 OK
INFO:     2a01:e11:1e:3e0:75cd:1b95:a4f7:287:0 - "OPTIONS /api/sessions/active HTTP/1.1" 200 OK
INFO:     2a01:e11:1e:3e0:75cd:1b95:a4f7:287:0 - "OPTIONS /api/sessions/history HTTP/1.1" 200 OK
INFO:     2a01:e11:1e:3e0:75cd:1b95:a4f7:287:0 - "OPTIONS /api/sessions/history HTTP/1.1" 200 OK
INFO:     2a01:e11:1e:3e0:75cd:1b95:a4f7:287:0 - "GET /api/sessions/active HTTP/1.1" 200 OK
INFO:     2a01:e11:1e:3e0:75cd:1b95:a4f7:287:0 - "GET /api/sessions/history HTTP/1.1" 200 OK
INFO:     2a01:e11:1e:3e0:75cd:1b95:a4f7:287:0 - "GET /api/sessions/history HTTP/1.1" 200 OK
INFO:     2a01:e11:1e:3e0:75cd:1b95:a4f7:287:0 - "GET /api/sessions/stats HTTP/1.1" 200 OK
INFO:     2a01:e11:1e:3e0:75cd:1b95:a4f7:287:0 - "GET /api/sessions/stats HTTP/1.1" 200 OK
INFO:     2a01:e11:1e:3e0:75cd:1b95:a4f7:287:0 - "OPTIONS /api/sessions/end HTTP/1.1" 200 OK
INFO:     2a01:e11:1e:3e0:75cd:1b95:a4f7:287:0 - "POST /api/sessions/end HTTP/1.1" 401 Unauthorized
INFO:     2a01:e11:1e:3e0:75cd:1b95:a4f7:287:0 - "POST /api/sessions/end HTTP/1.1" 401 Unauthorized
INFO:     2a01:e11:1e:3e0:75cd:1b95:a4f7:287:0 - "OPTIONS /api/auth/telegram HTTP/1.1" 200 OK
INFO:     2a01:e11:1e:3e0:75cd:1b95:a4f7:287:0 - "OPTIONS /api/auth/telegram HTTP/1.1" 200 OK
INFO:     2a01:e11:1e:3e0:75cd:1b95:a4f7:287:0 - "OPTIONS /api/auth/telegram HTTP/1.1" 200 OK
INFO:     2a01:e11:1e:3e0:75cd:1b95:a4f7:287:0 - "OPTIONS /api/auth/telegram HTTP/1.1" 200 OK
INFO:     2a01:e11:1e:3e0:75cd:1b95:a4f7:287:0 - "POST /api/auth/telegram HTTP/1.1" 200 OK
INFO:     2a01:e11:1e:3e0:75cd:1b95:a4f7:287:0 - "POST /api/auth/telegram HTTP/1.1" 200 OK
INFO:     2a01:e11:1e:3e0:75cd:1b95:a4f7:287:0 - "POST /api/auth/telegram HTTP/1.1" 200 OK
INFO:     2a01:e11:1e:3e0:75cd:1b95:a4f7:287:0 - "POST /api/auth/telegram HTTP/1.1" 200 OK
INFO:     2a01:e11:1e:3e0:75cd:1b95:a4f7:287:0 - "OPTIONS /api/sessions/active HTTP/1.1" 200 OK
INFO:     2a01:e11:1e:3e0:75cd:1b95:a4f7:287:0 - "OPTIONS /api/sessions/stats HTTP/1.1" 200 OK
INFO:     2a01:e11:1e:3e0:75cd:1b95:a4f7:287:0 - "OPTIONS /api/sessions/history HTTP/1.1" 200 OK
INFO:     2a01:e11:1e:3e0:75cd:1b95:a4f7:287:0 - "GET /api/sessions/active HTTP/1.1" 200 OK
INFO:     2a01:e11:1e:3e0:75cd:1b95:a4f7:287:0 - "GET /api/sessions/history HTTP/1.1" 200 OK
INFO:     2a01:e11:1e:3e0:75cd:1b95:a4f7:287:0 - "GET /api/sessions/stats HTTP/1.1" 200 OK
INFO:     2a01:e11:1e:3e0:75cd:1b95:a4f7:287:0 - "OPTIONS /api/sessions/end HTTP/1.1" 200 OK
INFO:     2a01:e11:1e:3e0:75cd:1b95:a4f7:287:0 - "POST /api/sessions/end HTTP/1.1" 200 OK
INFO:     2a01:e11:1e:3e0:75cd:1b95:a4f7:287:0 - "GET /api/sessions/history HTTP/1.1" 200 OK
INFO:     2a01:e11:1e:3e0:75cd:1b95:a4f7:287:0 - "GET /api/sessions/stats HTTP/1.1" 200 OK
INFO:     2a01:e11:1e:3e0:75cd:1b95:a4f7:287:0 - "OPTIONS /api/signals/analyze HTTP/1.1" 200 OK
INFO:     2a01:e11:1e:3e0:75cd:1b95:a4f7:287:0 - "POST /api/signals/analyze HTTP/1.1" 200 OK
INFO:     2a01:e11:1e:3e0:75cd:1b95:a4f7:287:0 - "OPTIONS /api/signals/active?category=crypto&asset=BNB%2FUSD&timeframe=15s HTTP/1.1" 200 OK
INFO:     2a01:e11:1e:3e0:75cd:1b95:a4f7:287:0 - "GET /api/signals/active?category=crypto&asset=BNB%2FUSD&timeframe=15s HTTP/1.1" 200 OK
INFO:     2a01:e11:1e:3e0:75cd:1b95:a4f7:287:0 - "GET /api/signals/active?category=crypto&asset=BNB%2FUSD&timeframe=15s HTTP/1.1" 200 OK
INFO:     2a01:e11:1e:3e0:75cd:1b95:a4f7:287:0 - "POST /api/signals/analyze HTTP/1.1" 200 OK
INFO:     2a01:e11:1e:3e0:75cd:1b95:a4f7:287:0 - "GET /api/signals/active?category=crypto&asset=BNB%2FUSD&timeframe=15s HTTP/1.1" 200 OK
INFO:     2a01:e11:1e:3e0:75cd:1b95:a4f7:287:0 - "GET /api/signals/active?category=crypto&asset=BNB%2FUSD&timeframe=15s HTTP/1.1" 200 OK
INFO:     2a01:e11:1e:3e0:75cd:1b95:a4f7:287:0 - "POST /api/signals/analyze HTTP/1.1" 200 OK
INFO:     2a01:e11:1e:3e0:75cd:1b95:a4f7:287:0 - "GET /api/signals/active?category=crypto&asset=BNB%2FUSD&timeframe=15s HTTP/1.1" 200 OK
INFO:     2a01:e11:1e:3e0:75cd:1b95:a4f7:287:0 - "GET /api/signals/active?category=crypto&asset=BNB%2FUSD&timeframe=15s HTTP/1.1" 200 OK
INFO:     2a01:e11:1e:3e0:75cd:1b95:a4f7:287:0 - "GET /api/signals/active?category=crypto&asset=BNB%2FUSD&timeframe=15s HTTP/1.1" 200 OK
INFO:     2a01:e11:1e:3e0:75cd:1b95:a4f7:287:0 - "POST /api/signals/analyze HTTP/1.1" 200 OK
INFO:     2a01:e11:1e:3e0:75cd:1b95:a4f7:287:0 - "GET /api/signals/active?category=crypto&asset=BNB%2FUSD&timeframe=15s HTTP/1.1" 200 OK
INFO:     2a01:e11:1e:3e0:75cd:1b95:a4f7:287:0 - "GET /api/signals/active?category=crypto&asset=BNB%2FUSD&timeframe=15s HTTP/1.1" 200 OK
INFO:     2a01:e11:1e:3e0:75cd:1b95:a4f7:287:0 - "GET /api/signals/active?category=crypto&asset=BNB%2FUSD&timeframe=15s HTTP/1.1" 200 OK
INFO:     2a01:e11:1e:3e0:75cd:1b95:a4f7:287:0 - "GET /api/signals/active?category=crypto&asset=BNB%2FUSD&timeframe=15s HTTP/1.1" 200 OK
INFO:     2a01:e11:1e:3e0:75cd:1b95:a4f7:287:0 - "GET /api/signals/active?category=crypto&asset=BNB%2FUSD&timeframe=15s HTTP/1.1" 200 OK
INFO:     2a01:e11:1e:3e0:75cd:1b95:a4f7:287:0 - "GET /api/signals/active?category=crypto&asset=BNB%2FUSD&timeframe=15s HTTP/1.1" 200 OK
INFO:     2a01:e11:1e:3e0:75cd:1b95:a4f7:287:0 - "GET /api/signals/active?category=crypto&asset=BNB%2FUSD&timeframe=15s HTTP/1.1" 200 OK
INFO:     2a01:e11:1e:3e0:75cd:1b95:a4f7:287:0 - "GET /api/signals/active?category=crypto&asset=BNB%2FUSD&timeframe=15s HTTP/1.1" 200 OK
INFO:     2a01:e11:1e:3e0:75cd:1b95:a4f7:287:0 - "GET /api/sessions/active HTTP/1.1" 200 OK
INFO:     2a01:e11:1e:3e0:75cd:1b95:a4f7:287:0 - "GET /api/sessions/history HTTP/1.1" 200 OK
INFO:     2a01:e11:1e:3e0:75cd:1b95:a4f7:287:0 - "GET /api/sessions/stats HTTP/1.1" 200 OK
INFO:     2a01:e11:1e:3e0:75cd:1b95:a4f7:287:0 - "POST /api/signals/analyze HTTP/1.1" 200 OK
INFO:     2a01:e11:1e:3e0:75cd:1b95:a4f7:287:0 - "OPTIONS /api/signals/active?category=crypto&asset=BNB%2FUSD&timeframe=5m HTTP/1.1" 200 OK
INFO:     2a01:e11:1e:3e0:75cd:1b95:a4f7:287:0 - "GET /api/signals/active?category=crypto&asset=BNB%2FUSD&timeframe=5m HTTP/1.1" 200 OK
INFO:     2a01:e11:1e:3e0:75cd:1b95:a4f7:287:0 - "GET /api/signals/active?category=crypto&asset=BNB%2FUSD&timeframe=5m HTTP/1.1" 200 OK
INFO:     2a01:e11:1e:3e0:75cd:1b95:a4f7:287:0 - "GET /api/sessions/history HTTP/1.1" 200 OK
INFO:     2a01:e11:1e:3e0:75cd:1b95:a4f7:287:0 - "GET /api/sessions/active HTTP/1.1" 200 OK
INFO:     2a01:e11:1e:3e0:75cd:1b95:a4f7:287:0 - "GET /api/sessions/stats HTTP/1.1" 200 OK
INFO:     2a01:e11:1e:3e0:75cd:1b95:a4f7:287:0 - "OPTIONS /api/sessions/history HTTP/1.1" 200 OK
INFO:     2a01:e11:1e:3e0:75cd:1b95:a4f7:287:0 - "OPTIONS /api/sessions/active HTTP/1.1" 200 OK
INFO:     2a01:e11:1e:3e0:75cd:1b95:a4f7:287:0 - "OPTIONS /api/sessions/stats HTTP/1.1" 200 OK
INFO:     2a01:e11:1e:3e0:75cd:1b95:a4f7:287:0 - "GET /api/sessions/history HTTP/1.1" 200 OK
INFO:     2a01:e11:1e:3e0:75cd:1b95:a4f7:287:0 - "GET /api/sessions/active HTTP/1.1" 200 OK
INFO:     2a01:e11:1e:3e0:75cd:1b95:a4f7:287:0 - "GET /api/sessions/stats HTTP/1.1" 200 OK
INFO:     2a01:e11:1e:3e0:75cd:1b95:a4f7:287:0 - "OPTIONS /api/signals/analyze HTTP/1.1" 200 OK
INFO:     2a01:e11:1e:3e0:75cd:1b95:a4f7:287:0 - "POST /api/signals/analyze HTTP/1.1" 200 OK
INFO:     2a01:e11:1e:3e0:75cd:1b95:a4f7:287:0 - "OPTIONS /api/signals/active?category=crypto&asset=BNB%2FUSD&timeframe=5m HTTP/1.1" 200 OK
INFO:     2a01:e11:1e:3e0:75cd:1b95:a4f7:287:0 - "GET /api/signals/active?category=crypto&asset=BNB%2FUSD&timeframe=5m HTTP/1.1" 200 OK
INFO:     2a01:e11:1e:3e0:75cd:1b95:a4f7:287:0 - "GET /api/signals/active?category=crypto&asset=BNB%2FUSD&timeframe=5m HTTP/1.1" 200 OK
INFO:     2a01:e11:1e:3e0:75cd:1b95:a4f7:287:0 - "GET /api/signals/active?category=crypto&asset=BNB%2FUSD&timeframe=5m HTTP/1.1" 200 OK
INFO:     2a01:e11:1e:3e0:75cd:1b95:a4f7:287:0 - "GET /api/signals/active?category=crypto&asset=BNB%2FUSD&timeframe=5m HTTP/1.1" 200 OK
INFO:     2a01:e11:1e:3e0:75cd:1b95:a4f7:287:0 - "GET /api/signals/active?category=crypto&asset=BNB%2FUSD&timeframe=5m HTTP/1.1" 200 OK
INFO:     2a01:e11:1e:3e0:75cd:1b95:a4f7:287:0 - "GET /api/signals/active?category=crypto&asset=BNB%2FUSD&timeframe=5m HTTP/1.1" 200 OK
INFO:     2a01:e11:1e:3e0:75cd:1b95:a4f7:287:0 - "GET /api/sessions/history HTTP/1.1" 200 OK
INFO:     2a01:e11:1e:3e0:75cd:1b95:a4f7:287:0 - "GET /api/sessions/active HTTP/1.1" 200 OK
INFO:     2a01:e11:1e:3e0:75cd:1b95:a4f7:287:0 - "GET /api/sessions/stats HTTP/1.1" 200 OK
INFO:     2a01:e11:1e:3e0:75cd:1b95:a4f7:287:0 - "OPTIONS /api/sessions/history HTTP/1.1" 200 OK
INFO:     2a01:e11:1e:3e0:75cd:1b95:a4f7:287:0 - "OPTIONS /api/sessions/active HTTP/1.1" 200 OK
INFO:     2a01:e11:1e:3e0:75cd:1b95:a4f7:287:0 - "OPTIONS /api/sessions/stats HTTP/1.1" 200 OK
INFO:     2a01:e11:1e:3e0:75cd:1b95:a4f7:287:0 - "GET /api/sessions/active HTTP/1.1" 200 OK
INFO:     2a01:e11:1e:3e0:75cd:1b95:a4f7:287:0 - "GET /api/sessions/stats HTTP/1.1" 200 OK
INFO:     2a01:e11:1e:3e0:75cd:1b95:a4f7:287:0 - "GET /api/sessions/history HTTP/1.1" 200 OK
INFO:     2a01:e11:1e:3e0:dd4c:ab9b:cee4:f89a:0 - "OPTIONS /api/auth/telegram HTTP/1.1" 200 OK
INFO:     2a01:e11:1e:3e0:dd4c:ab9b:cee4:f89a:0 - "OPTIONS /api/auth/telegram HTTP/1.1" 200 OK
INFO:     2a01:e11:1e:3e0:dd4c:ab9b:cee4:f89a:0 - "OPTIONS /api/auth/telegram HTTP/1.1" 200 OK
INFO:     2a01:e11:1e:3e0:dd4c:ab9b:cee4:f89a:0 - "OPTIONS /api/auth/telegram HTTP/1.1" 200 OK
INFO:     2a01:e11:1e:3e0:dd4c:ab9b:cee4:f89a:0 - "POST /api/auth/telegram HTTP/1.1" 200 OK
INFO:     2a01:e11:1e:3e0:dd4c:ab9b:cee4:f89a:0 - "POST /api/auth/telegram HTTP/1.1" 200 OK
INFO:     2a01:e11:1e:3e0:dd4c:ab9b:cee4:f89a:0 - "POST /api/auth/telegram HTTP/1.1" 200 OK
INFO:     2a01:e11:1e:3e0:dd4c:ab9b:cee4:f89a:0 - "POST /api/auth/telegram HTTP/1.1" 200 OK
INFO:     2a01:e11:1e:3e0:dd4c:ab9b:cee4:f89a:0 - "OPTIONS /api/sessions/history HTTP/1.1" 200 OK
INFO:     2a01:e11:1e:3e0:dd4c:ab9b:cee4:f89a:0 - "OPTIONS /api/sessions/stats HTTP/1.1" 200 OK
INFO:     2a01:e11:1e:3e0:dd4c:ab9b:cee4:f89a:0 - "OPTIONS /api/sessions/active HTTP/1.1" 200 OK
INFO:     2a01:e11:1e:3e0:dd4c:ab9b:cee4:f89a:0 - "GET /api/sessions/stats HTTP/1.1" 402 Payment Required
INFO:     2a01:e11:1e:3e0:dd4c:ab9b:cee4:f89a:0 - "GET /api/sessions/active HTTP/1.1" 402 Payment Required
INFO:     2a01:e11:1e:3e0:dd4c:ab9b:cee4:f89a:0 - "GET /api/sessions/history HTTP/1.1" 402 Payment Required
INFO:     2a01:e11:1e:3e0:dd4c:ab9b:cee4:f89a:0 - "OPTIONS /api/signals/analyze HTTP/1.1" 200 OK
INFO:     2a01:e11:1e:3e0:dd4c:ab9b:cee4:f89a:0 - "POST /api/signals/analyze HTTP/1.1" 402 Payment Required
INFO:     2a01:e11:1e:3e0:dd4c:ab9b:cee4:f89a:0 - "GET /api/sessions/history HTTP/1.1" 402 Payment Required
INFO:     2a01:e11:1e:3e0:dd4c:ab9b:cee4:f89a:0 - "GET /api/sessions/active HTTP/1.1" 402 Payment Required
INFO:     2a01:e11:1e:3e0:dd4c:ab9b:cee4:f89a:0 - "GET /api/sessions/stats HTTP/1.1" 402 Payment Required
INFO:     2a01:e11:1e:3e0:dd4c:ab9b:cee4:f89a:0 - "OPTIONS /api/user/stats HTTP/1.1" 200 OK
INFO:     2a01:e11:1e:3e0:dd4c:ab9b:cee4:f89a:0 - "OPTIONS /api/subscription/plans HTTP/1.1" 200 OK
INFO:     2a01:e11:1e:3e0:dd4c:ab9b:cee4:f89a:0 - "OPTIONS /api/user/me HTTP/1.1" 200 OK
INFO:     2a01:e11:1e:3e0:dd4c:ab9b:cee4:f89a:0 - "GET /api/user/stats HTTP/1.1" 200 OK
INFO:     2a01:e11:1e:3e0:dd4c:ab9b:cee4:f89a:0 - "GET /api/subscription/plans HTTP/1.1" 200 OK
INFO:     2a01:e11:1e:3e0:dd4c:ab9b:cee4:f89a:0 - "GET /api/user/me HTTP/1.1" 200 OK
INFO:     2a01:e11:1e:3e0:dd4c:ab9b:cee4:f89a:0 - "OPTIONS /api/subscription/create HTTP/1.1" 200 OK
INFO:     2a01:e11:1e:3e0:dd4c:ab9b:cee4:f89a:0 - "POST /api/subscription/create HTTP/1.1" 200 OK
INFO:     2a01:e11:1e:3e0:dd4c:ab9b:cee4:f89a:0 - "POST /api/subscription/create HTTP/1.1" 503 Service Unavailable
INFO:     2a01:e11:1e:3e0:dd4c:ab9b:cee4:f89a:0 - "POST /api/subscription/create HTTP/1.1" 200 OK
INFO:     2a01:e11:1e:3e0:dd4c:ab9b:cee4:f89a:0 - "GET /api/sessions/history HTTP/1.1" 402 Payment Required
INFO:     2a01:e11:1e:3e0:dd4c:ab9b:cee4:f89a:0 - "GET /api/sessions/stats HTTP/1.1" 402 Payment Required
INFO:     2a01:e11:1e:3e0:dd4c:ab9b:cee4:f89a:0 - "GET /api/sessions/active HTTP/1.1" 402 Payment Required
INFO:     2a01:e11:1e:3e0:dd4c:ab9b:cee4:f89a:0 - "POST /api/signals/analyze HTTP/1.1" 402 Payment Required
INFO:     2a01:e11:1e:3e0:dd4c:ab9b:cee4:f89a:0 - "GET /api/sessions/active HTTP/1.1" 402 Payment Required
INFO:     2a01:e11:1e:3e0:dd4c:ab9b:cee4:f89a:0 - "GET /api/sessions/history HTTP/1.1" 402 Payment Required
INFO:     2a01:e11:1e:3e0:dd4c:ab9b:cee4:f89a:0 - "GET /api/sessions/stats HTTP/1.1" 402 Payment Required
INFO:     2a01:e11:1e:3e0:dd4c:ab9b:cee4:f89a:0 - "GET /api/subscription/plans HTTP/1.1" 200 OK
INFO:     2a01:e11:1e:3e0:dd4c:ab9b:cee4:f89a:0 - "GET /api/user/me HTTP/1.1" 200 OK
INFO:     2a01:e11:1e:3e0:dd4c:ab9b:cee4:f89a:0 - "GET /api/user/stats HTTP/1.1" 200 OK
INFO:     2a01:e11:1e:3e0:75cd:1b95:a4f7:287:0 - "OPTIONS /api/sessions/active HTTP/1.1" 200 OK
INFO:     2a01:e11:1e:3e0:75cd:1b95:a4f7:287:0 - "OPTIONS /api/sessions/history HTTP/1.1" 200 OK
INFO:     2a01:e11:1e:3e0:75cd:1b95:a4f7:287:0 - "OPTIONS /api/sessions/stats HTTP/1.1" 200 OK
INFO:     2a01:e11:1e:3e0:75cd:1b95:a4f7:287:0 - "GET /api/sessions/active HTTP/1.1" 200 OK
INFO:     2a01:e11:1e:3e0:75cd:1b95:a4f7:287:0 - "GET /api/sessions/history HTTP/1.1" 200 OK
INFO:     2a01:e11:1e:3e0:75cd:1b95:a4f7:287:0 - "GET /api/sessions/stats HTTP/1.1" 200 OK
INFO:     2a01:e11:1e:3e0:75cd:1b95:a4f7:287:0 - "OPTIONS /api/user/me HTTP/1.1" 200 OK
INFO:     2a01:e11:1e:3e0:75cd:1b95:a4f7:287:0 - "OPTIONS /api/user/stats HTTP/1.1" 200 OK
INFO:     2a01:e11:1e:3e0:75cd:1b95:a4f7:287:0 - "OPTIONS /api/subscription/plans HTTP/1.1" 200 OK
INFO:     2a01:e11:1e:3e0:75cd:1b95:a4f7:287:0 - "GET /api/subscription/plans HTTP/1.1" 200 OK
INFO:     2a01:e11:1e:3e0:75cd:1b95:a4f7:287:0 - "GET /api/user/me HTTP/1.1" 200 OK
INFO:     2a01:e11:1e:3e0:75cd:1b95:a4f7:287:0 - "GET /api/user/stats HTTP/1.1" 200 OK
INFO:     2a01:e11:1e:3e0:75cd:1b95:a4f7:287:0 - "OPTIONS /api/subscription/create HTTP/1.1" 200 OK
INFO:     2a01:e11:1e:3e0:75cd:1b95:a4f7:287:0 - "POST /api/subscription/create HTTP/1.1" 503 Service Unavailable
INFO:     2a01:e11:1e:3e0:75cd:1b95:a4f7:287:0 - "POST /api/subscription/create HTTP/1.1" 200 OK
INFO:     2a01:e11:1e:3e0:75cd:1b95:a4f7:287:0 - "GET /api/sessions/history HTTP/1.1" 200 OK
INFO:     2a01:e11:1e:3e0:75cd:1b95:a4f7:287:0 - "GET /api/sessions/active HTTP/1.1" 200 OK
INFO:     2a01:e11:1e:3e0:75cd:1b95:a4f7:287:0 - "GET /api/sessions/stats HTTP/1.1" 200 OK
INFO:     2a01:e11:1e:3e0:75cd:1b95:a4f7:287:0 - "OPTIONS /api/signals/analyze HTTP/1.1" 200 OK
INFO:     2a01:e11:1e:3e0:75cd:1b95:a4f7:287:0 - "POST /api/signals/analyze HTTP/1.1" 200 OK
INFO:     2a01:e11:1e:3e0:75cd:1b95:a4f7:287:0 - "OPTIONS /api/signals/active?category=crypto&asset=BNB%2FUSD&timeframe=5m HTTP/1.1" 200 OK
INFO:     2a01:e11:1e:3e0:75cd:1b95:a4f7:287:0 - "GET /api/signals/active?category=crypto&asset=BNB%2FUSD&timeframe=5m HTTP/1.1" 200 OK
INFO:     2a01:e11:1e:3e0:75cd:1b95:a4f7:287:0 - "GET /api/signals/active?category=crypto&asset=BNB%2FUSD&timeframe=5m HTTP/1.1" 200 OK
INFO:     2a01:e11:1e:3e0:75cd:1b95:a4f7:287:0 - "GET /api/signals/active?category=crypto&asset=BNB%2FUSD&timeframe=5m HTTP/1.1" 200 OK
INFO:     2a01:e11:1e:3e0:75cd:1b95:a4f7:287:0 - "GET /api/signals/active?category=crypto&asset=BNB%2FUSD&timeframe=5m HTTP/1.1" 200 OK
INFO:     2a01:e11:1e:3e0:75cd:1b95:a4f7:287:0 - "GET /api/signals/active?category=crypto&asset=BNB%2FUSD&timeframe=5m HTTP/1.1" 200 OK
INFO:     2a01:e11:1e:3e0:75cd:1b95:a4f7:287:0 - "GET /api/signals/active?category=crypto&asset=BNB%2FUSD&timeframe=5m HTTP/1.1" 200 OK
INFO:     2a01:e11:1e:3e0:75cd:1b95:a4f7:287:0 - "GET /api/sessions/history HTTP/1.1" 200 OK
INFO:     2a01:e11:1e:3e0:75cd:1b95:a4f7:287:0 - "GET /api/sessions/active HTTP/1.1" 200 OK
INFO:     2a01:e11:1e:3e0:75cd:1b95:a4f7:287:0 - "GET /api/sessions/stats HTTP/1.1" 200 OK
INFO:     2a01:e11:1e:3e0:75cd:1b95:a4f7:287:0 - "GET /api/subscription/plans HTTP/1.1" 200 OK
INFO:     2a01:e11:1e:3e0:75cd:1b95:a4f7:287:0 - "GET /api/user/me HTTP/1.1" 200 OK
INFO:     2a01:e11:1e:3e0:75cd:1b95:a4f7:287:0 - "GET /api/user/stats HTTP/1.1" 200 OK
INFO:     2a01:e11:1e:3e0:75cd:1b95:a4f7:287:0 - "OPTIONS /api/sessions/history HTTP/1.1" 200 OK
INFO:     2a01:e11:1e:3e0:75cd:1b95:a4f7:287:0 - "OPTIONS /api/sessions/stats HTTP/1.1" 200 OK
INFO:     2a01:e11:1e:3e0:75cd:1b95:a4f7:287:0 - "OPTIONS /api/sessions/active HTTP/1.1" 200 OK
INFO:     2a01:e11:1e:3e0:75cd:1b95:a4f7:287:0 - "GET /api/sessions/active HTTP/1.1" 200 OK
INFO:     2a01:e11:1e:3e0:75cd:1b95:a4f7:287:0 - "GET /api/sessions/history HTTP/1.1" 200 OK
INFO:     2a01:e11:1e:3e0:75cd:1b95:a4f7:287:0 - "GET /api/sessions/stats HTTP/1.1" 200 OK
INFO:     2a01:e11:1e:3e0:75cd:1b95:a4f7:287:0 - "OPTIONS /api/signals/analyze HTTP/1.1" 200 OK
INFO:     2a01:e11:1e:3e0:75cd:1b95:a4f7:287:0 - "POST /api/signals/analyze HTTP/1.1" 200 OK
INFO:     2a01:e11:1e:3e0:75cd:1b95:a4f7:287:0 - "OPTIONS /api/signals/active?category=crypto&asset=BNB%2FUSD&timeframe=5m HTTP/1.1" 200 OK
INFO:     2a01:e11:1e:3e0:75cd:1b95:a4f7:287:0 - "GET /api/signals/active?category=crypto&asset=BNB%2FUSD&timeframe=5m HTTP/1.1" 200 OK
INFO:     2a01:e11:1e:3e0:75cd:1b95:a4f7:287:0 - "GET /api/signals/active?category=crypto&asset=BNB%2FUSD&timeframe=5m HTTP/1.1" 200 OK
INFO:     2a01:e11:1e:3e0:75cd:1b95:a4f7:287:0 - "GET /api/signals/active?category=crypto&asset=BNB%2FUSD&timeframe=5m HTTP/1.1" 200 OK
INFO:     2a01:e11:1e:3e0:75cd:1b95:a4f7:287:0 - "GET /api/signals/active?category=crypto&asset=BNB%2FUSD&timeframe=5m HTTP/1.1" 200 OK
INFO:     2a01:e11:1e:3e0:75cd:1b95:a4f7:287:0 - "GET /api/signals/active?category=crypto&asset=BNB%2FUSD&timeframe=5m HTTP/1.1" 200 OK
INFO:     2a01:e11:1e:3e0:75cd:1b95:a4f7:287:0 - "OPTIONS /api/sessions/start HTTP/1.1" 200 OK
INFO:     2a01:e11:1e:3e0:75cd:1b95:a4f7:287:0 - "POST /api/sessions/start HTTP/1.1" 200 OK
INFO:     2a01:e11:1e:3e0:75cd:1b95:a4f7:287:0 - "GET /api/signals/active?category=crypto&asset=BNB%2FUSD&timeframe=5m HTTP/1.1" 200 OK
INFO:     2a01:e11:1e:3e0:75cd:1b95:a4f7:287:0 - "GET /api/sessions/history HTTP/1.1" 200 OK
INFO:     2a01:e11:1e:3e0:75cd:1b95:a4f7:287:0 - "GET /api/sessions/active HTTP/1.1" 200 OK
INFO:     2a01:e11:1e:3e0:75cd:1b95:a4f7:287:0 - "GET /api/sessions/stats HTTP/1.1" 200 OK
INFO:     2a01:e11:1e:3e0:75cd:1b95:a4f7:287:0 - "POST /api/signals/analyze HTTP/1.1" 200 OK
INFO:     2a01:e11:1e:3e0:75cd:1b95:a4f7:287:0 - "OPTIONS /api/signals/active?category=crypto&asset=BNB%2FUSD&timeframe=1m HTTP/1.1" 200 OK
INFO:     2a01:e11:1e:3e0:75cd:1b95:a4f7:287:0 - "GET /api/signals/active?category=crypto&asset=BNB%2FUSD&timeframe=1m HTTP/1.1" 200 OK
INFO:     2a01:e11:1e:3e0:75cd:1b95:a4f7:287:0 - "GET /api/signals/active?category=crypto&asset=BNB%2FUSD&timeframe=1m HTTP/1.1" 200 OK
INFO:     2a01:e11:1e:3e0:75cd:1b95:a4f7:287:0 - "GET /api/signals/active?category=crypto&asset=BNB%2FUSD&timeframe=1m HTTP/1.1" 200 OK
INFO:     2a01:e11:1e:3e0:75cd:1b95:a4f7:287:0 - "GET /api/signals/active?category=crypto&asset=BNB%2FUSD&timeframe=1m HTTP/1.1" 200 OK
INFO:     2a01:e11:1e:3e0:75cd:1b95:a4f7:287:0 - "GET /api/signals/active?category=crypto&asset=BNB%2FUSD&timeframe=1m HTTP/1.1" 200 OK
INFO:     2a01:e11:1e:3e0:75cd:1b95:a4f7:287:0 - "OPTIONS /api/sessions/mark HTTP/1.1" 200 OK
INFO:     2a01:e11:1e:3e0:75cd:1b95:a4f7:287:0 - "POST /api/sessions/mark HTTP/1.1" 200 OK
INFO:     2a01:e11:1e:3e0:75cd:1b95:a4f7:287:0 - "GET /api/signals/active?category=crypto&asset=BNB%2FUSD&timeframe=1m HTTP/1.1" 200 OK
INFO:     2a01:e11:1e:3e0:75cd:1b95:a4f7:287:0 - "GET /api/signals/active?category=crypto&asset=BNB%2FUSD&timeframe=1m HTTP/1.1" 200 OK
INFO:     2a01:e11:1e:3e0:75cd:1b95:a4f7:287:0 - "POST /api/signals/analyze HTTP/1.1" 200 OK
INFO:     2a01:e11:1e:3e0:75cd:1b95:a4f7:287:0 - "GET /api/signals/active?category=crypto&asset=BNB%2FUSD&timeframe=1m HTTP/1.1" 200 OK
INFO:     2a01:e11:1e:3e0:75cd:1b95:a4f7:287:0 - "GET /api/signals/active?category=crypto&asset=BNB%2FUSD&timeframe=1m HTTP/1.1" 200 OK
INFO:     2a01:e11:1e:3e0:75cd:1b95:a4f7:287:0 - "GET /api/signals/active?category=crypto&asset=BNB%2FUSD&timeframe=1m HTTP/1.1" 200 OK
INFO:     2a01:e11:1e:3e0:75cd:1b95:a4f7:287:0 - "GET /api/signals/active?category=crypto&asset=BNB%2FUSD&timeframe=1m HTTP/1.1" 200 OK
INFO:     2a01:e11:1e:3e0:75cd:1b95:a4f7:287:0 - "GET /api/signals/active?category=crypto&asset=BNB%2FUSD&timeframe=1m HTTP/1.1" 200 OK
INFO:     2a01:e11:1e:3e0:75cd:1b95:a4f7:287:0 - "POST /api/sessions/mark HTTP/1.1" 200 OK
INFO:     2a01:e11:1e:3e0:75cd:1b95:a4f7:287:0 - "POST /api/signals/analyze HTTP/1.1" 200 OK
INFO:     2a01:e11:1e:3e0:75cd:1b95:a4f7:287:0 - "GET /api/signals/active?category=crypto&asset=BNB%2FUSD&timeframe=1m HTTP/1.1" 200 OK
INFO:     2a01:e11:1e:3e0:75cd:1b95:a4f7:287:0 - "GET /api/signals/active?category=crypto&asset=BNB%2FUSD&timeframe=1m HTTP/1.1" 200 OK
INFO:     2a01:e11:1e:3e0:75cd:1b95:a4f7:287:0 - "GET /api/signals/active?category=crypto&asset=BNB%2FUSD&timeframe=1m HTTP/1.1" 200 OK
INFO:     2a01:e11:1e:3e0:75cd:1b95:a4f7:287:0 - "GET /api/signals/active?category=crypto&asset=BNB%2FUSD&timeframe=1m HTTP/1.1" 200 OK
INFO:     2a01:e11:1e:3e0:75cd:1b95:a4f7:287:0 - "GET /api/signals/active?category=crypto&asset=BNB%2FUSD&timeframe=1m HTTP/1.1" 200 OK
INFO:     2a01:e11:1e:3e0:75cd:1b95:a4f7:287:0 - "POST /api/sessions/mark HTTP/1.1" 200 OK
INFO:     2a01:e11:1e:3e0:75cd:1b95:a4f7:287:0 - "GET /api/signals/active?category=crypto&asset=BNB%2FUSD&timeframe=1m HTTP/1.1" 200 OK
INFO:     2a01:e11:1e:3e0:75cd:1b95:a4f7:287:0 - "POST /api/signals/analyze HTTP/1.1" 200 OK
INFO:     2a01:e11:1e:3e0:75cd:1b95:a4f7:287:0 - "GET /api/signals/active?category=crypto&asset=BNB%2FUSD&timeframe=1m HTTP/1.1" 200 OK
INFO:     2a01:e11:1e:3e0:75cd:1b95:a4f7:287:0 - "GET /api/signals/active?category=crypto&asset=BNB%2FUSD&timeframe=1m HTTP/1.1" 200 OK
INFO:     2a01:e11:1e:3e0:75cd:1b95:a4f7:287:0 - "GET /api/signals/active?category=crypto&asset=BNB%2FUSD&timeframe=1m HTTP/1.1" 200 OK
INFO:     2a01:e11:1e:3e0:75cd:1b95:a4f7:287:0 - "GET /api/signals/active?category=crypto&asset=BNB%2FUSD&timeframe=1m HTTP/1.1" 200 OK
INFO:     2a01:e11:1e:3e0:75cd:1b95:a4f7:287:0 - "GET /api/signals/active?category=crypto&asset=BNB%2FUSD&timeframe=1m HTTP/1.1" 200 OK
INFO:     2a01:e11:1e:3e0:75cd:1b95:a4f7:287:0 - "POST /api/sessions/mark HTTP/1.1" 200 OK
INFO:     2a01:e11:1e:3e0:75cd:1b95:a4f7:287:0 - "GET /api/signals/active?category=crypto&asset=BNB%2FUSD&timeframe=1m HTTP/1.1" 200 OK
INFO:     2a01:e11:1e:3e0:75cd:1b95:a4f7:287:0 - "POST /api/signals/analyze HTTP/1.1" 200 OK
INFO:     2a01:e11:1e:3e0:75cd:1b95:a4f7:287:0 - "GET /api/signals/active?category=crypto&asset=BNB%2FUSD&timeframe=5m HTTP/1.1" 200 OK
INFO:     2a01:e11:1e:3e0:75cd:1b95:a4f7:287:0 - "GET /api/signals/active?category=crypto&asset=BNB%2FUSD&timeframe=5m HTTP/1.1" 200 OK
INFO:     2a01:e11:1e:3e0:75cd:1b95:a4f7:287:0 - "GET /api/signals/active?category=crypto&asset=BNB%2FUSD&timeframe=5m HTTP/1.1" 200 OK
INFO:     2a01:e11:1e:3e0:75cd:1b95:a4f7:287:0 - "GET /api/signals/active?category=crypto&asset=BNB%2FUSD&timeframe=5m HTTP/1.1" 200 OK
INFO:     2a01:e11:1e:3e0:75cd:1b95:a4f7:287:0 - "OPTIONS /api/signals/active?category=crypto&asset=BNB%2FUSD&timeframe=5m HTTP/1.1" 200 OK
INFO:     2a01:e11:1e:3e0:75cd:1b95:a4f7:287:0 - "GET /api/signals/active?category=crypto&asset=BNB%2FUSD&timeframe=5m HTTP/1.1" 200 OK
INFO:     2a01:e11:1e:3e0:75cd:1b95:a4f7:287:0 - "GET /api/signals/active?category=crypto&asset=BNB%2FUSD&timeframe=5m HTTP/1.1" 200 OK
INFO:     2a01:e11:1e:3e0:75cd:1b95:a4f7:287:0 - "GET /api/signals/active?category=crypto&asset=BNB%2FUSD&timeframe=5m HTTP/1.1" 200 OK
INFO:     2a01:e11:1e:3e0:75cd:1b95:a4f7:287:0 - "GET /api/signals/active?category=crypto&asset=BNB%2FUSD&timeframe=5m HTTP/1.1" 200 OK
INFO:     2a01:e11:1e:3e0:75cd:1b95:a4f7:287:0 - "GET /api/signals/active?category=crypto&asset=BNB%2FUSD&timeframe=5m HTTP/1.1" 200 OK
INFO:     2a01:e11:1e:3e0:75cd:1b95:a4f7:287:0 - "GET /api/signals/active?category=crypto&asset=BNB%2FUSD&timeframe=5m HTTP/1.1" 200 OK
INFO:     2a01:e11:1e:3e0:75cd:1b95:a4f7:287:0 - "GET /api/signals/active?category=crypto&asset=BNB%2FUSD&timeframe=5m HTTP/1.1" 200 OK
INFO:     2a01:e11:1e:3e0:75cd:1b95:a4f7:287:0 - "GET /api/signals/active?category=crypto&asset=BNB%2FUSD&timeframe=5m HTTP/1.1" 200 OK
INFO:     2a01:e11:1e:3e0:75cd:1b95:a4f7:287:0 - "GET /api/signals/active?category=crypto&asset=BNB%2FUSD&timeframe=5m HTTP/1.1" 200 OK
INFO:     2a01:e11:1e:3e0:75cd:1b95:a4f7:287:0 - "GET /api/signals/active?category=crypto&asset=BNB%2FUSD&timeframe=5m HTTP/1.1" 200 OK
INFO:     2a01:e11:1e:3e0:75cd:1b95:a4f7:287:0 - "GET /api/signals/active?category=crypto&asset=BNB%2FUSD&timeframe=5m HTTP/1.1" 200 OK
INFO:     2a01:e11:1e:3e0:75cd:1b95:a4f7:287:0 - "GET /api/signals/active?category=crypto&asset=BNB%2FUSD&timeframe=5m HTTP/1.1" 200 OK
INFO:     2a01:e11:1e:3e0:75cd:1b95:a4f7:287:0 - "GET /api/signals/active?category=crypto&asset=BNB%2FUSD&timeframe=5m HTTP/1.1" 200 OK
INFO:     2a01:e11:1e:3e0:75cd:1b95:a4f7:287:0 - "GET /api/signals/active?category=crypto&asset=BNB%2FUSD&timeframe=5m HTTP/1.1" 200 OK
INFO:     2a01:e11:1e:3e0:75cd:1b95:a4f7:287:0 - "GET /api/signals/active?category=crypto&asset=BNB%2FUSD&timeframe=5m HTTP/1.1" 200 OK
INFO:     2a01:e11:1e:3e0:75cd:1b95:a4f7:287:0 - "OPTIONS /api/sessions/mark HTTP/1.1" 200 OK
INFO:     2a01:e11:1e:3e0:75cd:1b95:a4f7:287:0 - "POST /api/sessions/mark HTTP/1.1" 200 OK
INFO:     2a01:e11:1e:3e0:75cd:1b95:a4f7:287:0 - "OPTIONS /api/signals/analyze HTTP/1.1" 200 OK
INFO:     2a01:e11:1e:3e0:75cd:1b95:a4f7:287:0 - "POST /api/signals/analyze HTTP/1.1" 200 OK
INFO:     2a01:e11:1e:3e0:75cd:1b95:a4f7:287:0 - "GET /api/signals/active?category=crypto&asset=BNB%2FUSD&timeframe=5m HTTP/1.1" 200 OK
INFO:     2a01:e11:1e:3e0:75cd:1b95:a4f7:287:0 - "GET /api/signals/active?category=crypto&asset=BNB%2FUSD&timeframe=5m HTTP/1.1" 200 OK
INFO:     2a01:e11:1e:3e0:75cd:1b95:a4f7:287:0 - "GET /api/signals/active?category=crypto&asset=BNB%2FUSD&timeframe=5m HTTP/1.1" 200 OK
INFO:     2a01:e11:1e:3e0:75cd:1b95:a4f7:287:0 - "GET /api/signals/active?category=crypto&asset=BNB%2FUSD&timeframe=5m HTTP/1.1" 200 OK
INFO:     2a01:e11:1e:3e0:75cd:1b95:a4f7:287:0 - "GET /api/signals/active?category=crypto&asset=BNB%2FUSD&timeframe=5m HTTP/1.1" 200 OK
INFO:     2a01:e11:1e:3e0:75cd:1b95:a4f7:287:0 - "GET /api/signals/active?category=crypto&asset=BNB%2FUSD&timeframe=5m HTTP/1.1" 200 OK
INFO:     2a01:e11:1e:3e0:75cd:1b95:a4f7:287:0 - "GET /api/signals/active?category=crypto&asset=BNB%2FUSD&timeframe=5m HTTP/1.1" 200 OK
INFO:     2a01:e11:1e:3e0:75cd:1b95:a4f7:287:0 - "GET /api/signals/active?category=crypto&asset=BNB%2FUSD&timeframe=5m HTTP/1.1" 200 OK
INFO:     2a01:e11:1e:3e0:75cd:1b95:a4f7:287:0 - "GET /api/signals/active?category=crypto&asset=BNB%2FUSD&timeframe=5m HTTP/1.1" 200 OK
INFO:     2a01:e11:1e:3e0:75cd:1b95:a4f7:287:0 - "GET /api/signals/active?category=crypto&asset=BNB%2FUSD&timeframe=5m HTTP/1.1" 200 OK
INFO:     2a01:e11:1e:3e0:75cd:1b95:a4f7:287:0 - "GET /api/signals/active?category=crypto&asset=BNB%2FUSD&timeframe=5m HTTP/1.1" 200 OK
INFO:     2a01:e11:1e:3e0:75cd:1b95:a4f7:287:0 - "GET /api/signals/active?category=crypto&asset=BNB%2FUSD&timeframe=5m HTTP/1.1" 200 OK
INFO:     2a01:e11:1e:3e0:75cd:1b95:a4f7:287:0 - "GET /api/signals/active?category=crypto&asset=BNB%2FUSD&timeframe=5m HTTP/1.1" 200 OK
INFO:     2a01:e11:1e:3e0:75cd:1b95:a4f7:287:0 - "GET /api/signals/active?category=crypto&asset=BNB%2FUSD&timeframe=5m HTTP/1.1" 200 OK
INFO:     2a01:e11:1e:3e0:75cd:1b95:a4f7:287:0 - "GET /api/signals/active?category=crypto&asset=BNB%2FUSD&timeframe=5m HTTP/1.1" 200 OK
INFO:     2a01:e11:1e:3e0:75cd:1b95:a4f7:287:0 - "GET /api/signals/active?category=crypto&asset=BNB%2FUSD&timeframe=5m HTTP/1.1" 200 OK
INFO:     2a01:e11:1e:3e0:75cd:1b95:a4f7:287:0 - "GET /api/signals/active?category=crypto&asset=BNB%2FUSD&timeframe=5m HTTP/1.1" 200 OK
INFO:     2a01:e11:1e:3e0:75cd:1b95:a4f7:287:0 - "OPTIONS /api/sessions/stats HTTP/1.1" 200 OK
INFO:     2a01:e11:1e:3e0:75cd:1b95:a4f7:287:0 - "OPTIONS /api/sessions/history HTTP/1.1" 200 OK
INFO:     2a01:e11:1e:3e0:75cd:1b95:a4f7:287:0 - "OPTIONS /api/sessions/active HTTP/1.1" 200 OK
INFO:     2a01:e11:1e:3e0:75cd:1b95:a4f7:287:0 - "GET /api/sessions/active HTTP/1.1" 200 OK
INFO:     2a01:e11:1e:3e0:75cd:1b95:a4f7:287:0 - "GET /api/sessions/history HTTP/1.1" 200 OK
INFO:     2a01:e11:1e:3e0:75cd:1b95:a4f7:287:0 - "GET /api/sessions/stats HTTP/1.1" 200 OK
INFO:     2a01:e11:1e:3e0:75cd:1b95:a4f7:287:0 - "POST /api/signals/analyze HTTP/1.1" 200 OK
INFO:     2a01:e11:1e:3e0:75cd:1b95:a4f7:287:0 - "GET /api/signals/active?category=crypto&asset=BNB%2FUSD&timeframe=5m HTTP/1.1" 200 OK
INFO:     2a01:e11:1e:3e0:75cd:1b95:a4f7:287:0 - "POST /api/sessions/mark HTTP/1.1" 200 OK
INFO:     2a01:e11:1e:3e0:75cd:1b95:a4f7:287:0 - "POST /api/signals/analyze HTTP/1.1" 200 OK
INFO:     2a01:e11:1e:3e0:75cd:1b95:a4f7:287:0 - "GET /api/signals/active?category=crypto&asset=BNB%2FUSD&timeframe=5m HTTP/1.1" 200 OK
INFO:     2a01:e11:1e:3e0:75cd:1b95:a4f7:287:0 - "GET /api/signals/active?category=crypto&asset=BNB%2FUSD&timeframe=5m HTTP/1.1" 200 OK
INFO:     2a01:e11:1e:3e0:75cd:1b95:a4f7:287:0 - "GET /api/signals/active?category=crypto&asset=BNB%2FUSD&timeframe=5m HTTP/1.1" 200 OK
INFO:     2a01:e11:1e:3e0:75cd:1b95:a4f7:287:0 - "GET /api/signals/active?category=crypto&asset=BNB%2FUSD&timeframe=5m HTTP/1.1" 200 OK
INFO:     2a01:e11:1e:3e0:75cd:1b95:a4f7:287:0 - "GET /api/signals/active?category=crypto&asset=BNB%2FUSD&timeframe=5m HTTP/1.1" 200 OK
INFO:     2a01:e11:1e:3e0:75cd:1b95:a4f7:287:0 - "OPTIONS /api/signals/active?category=crypto&asset=BNB%2FUSD&timeframe=5m HTTP/1.1" 200 OK
INFO:     2a01:e11:1e:3e0:75cd:1b95:a4f7:287:0 - "GET /api/signals/active?category=crypto&asset=BNB%2FUSD&timeframe=5m HTTP/1.1" 200 OK
INFO:     2a01:e11:1e:3e0:75cd:1b95:a4f7:287:0 - "GET /api/signals/active?category=crypto&asset=BNB%2FUSD&timeframe=5m HTTP/1.1" 200 OK
INFO:     2a01:e11:1e:3e0:75cd:1b95:a4f7:287:0 - "GET /api/signals/active?category=crypto&asset=BNB%2FUSD&timeframe=5m HTTP/1.1" 200 OK
INFO:     2a01:e11:1e:3e0:75cd:1b95:a4f7:287:0 - "GET /api/signals/active?category=crypto&asset=BNB%2FUSD&timeframe=5m HTTP/1.1" 200 OK
INFO:     2a01:e11:1e:3e0:75cd:1b95:a4f7:287:0 - "GET /api/signals/active?category=crypto&asset=BNB%2FUSD&timeframe=5m HTTP/1.1" 200 OK
INFO:     2a01:e11:1e:3e0:75cd:1b95:a4f7:287:0 - "GET /api/signals/active?category=crypto&asset=BNB%2FUSD&timeframe=5m HTTP/1.1" 200 OK
INFO:     2a01:e11:1e:3e0:75cd:1b95:a4f7:287:0 - "GET /api/signals/active?category=crypto&asset=BNB%2FUSD&timeframe=5m HTTP/1.1" 200 OK
INFO:     2a01:e11:1e:3e0:75cd:1b95:a4f7:287:0 - "GET /api/signals/active?category=crypto&asset=BNB%2FUSD&timeframe=5m HTTP/1.1" 200 OK
INFO:     2a01:e11:1e:3e0:75cd:1b95:a4f7:287:0 - "GET /api/signals/active?category=crypto&asset=BNB%2FUSD&timeframe=5m HTTP/1.1" 200 OK
INFO:     2a01:e11:1e:3e0:75cd:1b95:a4f7:287:0 - "GET /api/signals/active?category=crypto&asset=BNB%2FUSD&timeframe=5m HTTP/1.1" 200 OK
INFO:     2a01:e11:1e:3e0:75cd:1b95:a4f7:287:0 - "GET /api/signals/active?category=crypto&asset=BNB%2FUSD&timeframe=5m HTTP/1.1" 200 OK
INFO:     2a01:e11:1e:3e0:75cd:1b95:a4f7:287:0 - "GET /api/signals/active?category=crypto&asset=BNB%2FUSD&timeframe=5m HTTP/1.1" 200 OK
INFO:     2a01:e11:1e:3e0:75cd:1b95:a4f7:287:0 - "GET /api/signals/active?category=crypto&asset=BNB%2FUSD&timeframe=5m HTTP/1.1" 200 OK
INFO:     2a01:e11:1e:3e0:75cd:1b95:a4f7:287:0 - "GET /api/signals/active?category=crypto&asset=BNB%2FUSD&timeframe=5m HTTP/1.1" 200 OK
INFO:     2a01:e11:1e:3e0:75cd:1b95:a4f7:287:0 - "POST /api/sessions/mark HTTP/1.1" 200 OK
INFO:     2a01:e11:1e:3e0:75cd:1b95:a4f7:287:0 - "GET /api/signals/active?category=crypto&asset=BNB%2FUSD&timeframe=5m HTTP/1.1" 200 OK
INFO:     2a01:e11:1e:3e0:75cd:1b95:a4f7:287:0 - "POST /api/signals/analyze HTTP/1.1" 200 OK
INFO:     2a01:e11:1e:3e0:75cd:1b95:a4f7:287:0 - "GET /api/signals/active?category=crypto&asset=BNB%2FUSD&timeframe=5m HTTP/1.1" 200 OK
INFO:     2a01:e11:1e:3e0:75cd:1b95:a4f7:287:0 - "GET /api/signals/active?category=crypto&asset=BNB%2FUSD&timeframe=5m HTTP/1.1" 200 OK
INFO:     2a01:e11:1e:3e0:75cd:1b95:a4f7:287:0 - "GET /api/signals/active?category=crypto&asset=BNB%2FUSD&timeframe=5m HTTP/1.1" 200 OK
INFO:     2a01:e11:1e:3e0:75cd:1b95:a4f7:287:0 - "GET /api/signals/active?category=crypto&asset=BNB%2FUSD&timeframe=5m HTTP/1.1" 200 OK
INFO:     2a01:e11:1e:3e0:75cd:1b95:a4f7:287:0 - "GET /api/signals/active?category=crypto&asset=BNB%2FUSD&timeframe=5m HTTP/1.1" 200 OK
INFO:     2a01:e11:1e:3e0:75cd:1b95:a4f7:287:0 - "GET /api/signals/active?category=crypto&asset=BNB%2FUSD&timeframe=5m HTTP/1.1" 200 OK
INFO:     2a01:e11:1e:3e0:75cd:1b95:a4f7:287:0 - "GET /api/signals/active?category=crypto&asset=BNB%2FUSD&timeframe=5m HTTP/1.1" 200 OK
INFO:     2a01:e11:1e:3e0:75cd:1b95:a4f7:287:0 - "GET /api/signals/active?category=crypto&asset=BNB%2FUSD&timeframe=5m HTTP/1.1" 200 OK
INFO:     2a01:e11:1e:3e0:75cd:1b95:a4f7:287:0 - "GET /api/sessions/active HTTP/1.1" 200 OK
INFO:     2a01:e11:1e:3e0:75cd:1b95:a4f7:287:0 - "GET /api/sessions/history HTTP/1.1" 200 OK
INFO:     2a01:e11:1e:3e0:75cd:1b95:a4f7:287:0 - "GET /api/sessions/stats HTTP/1.1" 200 OK
INFO:     2a01:e11:1e:3e0:75cd:1b95:a4f7:287:0 - "OPTIONS /api/signals/analyze HTTP/1.1" 200 OK
INFO:     2a01:e11:1e:3e0:75cd:1b95:a4f7:287:0 - "POST /api/signals/analyze HTTP/1.1" 200 OK
INFO:     2a01:e11:1e:3e0:75cd:1b95:a4f7:287:0 - "GET /api/signals/active?category=crypto&asset=BNB%2FUSD&timeframe=5m HTTP/1.1" 200 OK
INFO:     2a01:e11:1e:3e0:75cd:1b95:a4f7:287:0 - "GET /api/signals/active?category=crypto&asset=BNB%2FUSD&timeframe=5m HTTP/1.1" 200 OK
INFO:     2a01:e11:1e:3e0:75cd:1b95:a4f7:287:0 - "GET /api/signals/active?category=crypto&asset=BNB%2FUSD&timeframe=5m HTTP/1.1" 200 OK
INFO:     2a01:e11:1e:3e0:75cd:1b95:a4f7:287:0 - "GET /api/signals/active?category=crypto&asset=BNB%2FUSD&timeframe=5m HTTP/1.1" 200 OK
INFO:     2a01:e11:1e:3e0:75cd:1b95:a4f7:287:0 - "GET /api/signals/active?category=crypto&asset=BNB%2FUSD&timeframe=5m HTTP/1.1" 200 OK
INFO:     2a01:e11:1e:3e0:75cd:1b95:a4f7:287:0 - "GET /api/signals/active?category=crypto&asset=BNB%2FUSD&timeframe=5m HTTP/1.1" 200 OK
INFO:     2a01:e11:1e:3e0:75cd:1b95:a4f7:287:0 - "GET /api/signals/active?category=crypto&asset=BNB%2FUSD&timeframe=5m HTTP/1.1" 200 OK
INFO:     2a01:e11:1e:3e0:75cd:1b95:a4f7:287:0 - "GET /api/signals/active?category=crypto&asset=BNB%2FUSD&timeframe=5m HTTP/1.1" 200 OK
INFO:     2a01:e11:1e:3e0:75cd:1b95:a4f7:287:0 - "GET /api/signals/active?category=crypto&asset=BNB%2FUSD&timeframe=5m HTTP/1.1" 200 OK
INFO:     2a01:e11:1e:3e0:75cd:1b95:a4f7:287:0 - "GET /api/signals/active?category=crypto&asset=BNB%2FUSD&timeframe=5m HTTP/1.1" 200 OK
INFO:     2a01:e11:1e:3e0:75cd:1b95:a4f7:287:0 - "GET /api/signals/active?category=crypto&asset=BNB%2FUSD&timeframe=5m HTTP/1.1" 200 OK
INFO:     2a01:e11:1e:3e0:75cd:1b95:a4f7:287:0 - "POST /api/signals/analyze HTTP/1.1" 200 OK
INFO:     2a01:e11:1e:3e0:75cd:1b95:a4f7:287:0 - "GET /api/signals/active?category=crypto&asset=BNB%2FUSD&timeframe=5m HTTP/1.1" 200 OK
INFO:     2a01:e11:1e:3e0:75cd:1b95:a4f7:287:0 - "GET /api/signals/active?category=crypto&asset=BNB%2FUSD&timeframe=5m HTTP/1.1" 200 OK
INFO:     2a01:e11:1e:3e0:75cd:1b95:a4f7:287:0 - "OPTIONS /api/sessions/mark HTTP/1.1" 200 OK
INFO:     2a01:e11:1e:3e0:75cd:1b95:a4f7:287:0 - "POST /api/sessions/mark HTTP/1.1" 200 OK
INFO:     2a01:e11:1e:3e0:75cd:1b95:a4f7:287:0 - "GET /api/signals/active?category=crypto&asset=BNB%2FUSD&timeframe=5m HTTP/1.1" 200 OK
INFO:     2a01:e11:1e:3e0:75cd:1b95:a4f7:287:0 - "GET /api/signals/active?category=crypto&asset=BNB%2FUSD&timeframe=5m HTTP/1.1" 200 OK
INFO:     2a01:e11:1e:3e0:75cd:1b95:a4f7:287:0 - "GET /api/signals/active?category=crypto&asset=BNB%2FUSD&timeframe=5m HTTP/1.1" 200 OK
INFO:     2a01:e11:1e:3e0:75cd:1b95:a4f7:287:0 - "GET /api/signals/active?category=crypto&asset=BNB%2FUSD&timeframe=5m HTTP/1.1" 200 OK
INFO:     2a01:e11:1e:3e0:75cd:1b95:a4f7:287:0 - "OPTIONS /api/signals/active?category=crypto&asset=BNB%2FUSD&timeframe=5m HTTP/1.1" 200 OK
INFO:     2a01:e11:1e:3e0:75cd:1b95:a4f7:287:0 - "GET /api/signals/active?category=crypto&asset=BNB%2FUSD&timeframe=5m HTTP/1.1" 200 OK
INFO:     2a01:e11:1e:3e0:75cd:1b95:a4f7:287:0 - "GET /api/signals/active?category=crypto&asset=BNB%2FUSD&timeframe=5m HTTP/1.1" 200 OK
INFO:     2a01:e11:1e:3e0:75cd:1b95:a4f7:287:0 - "GET /api/signals/active?category=crypto&asset=BNB%2FUSD&timeframe=5m HTTP/1.1" 200 OK
INFO:     2a01:e11:1e:3e0:75cd:1b95:a4f7:287:0 - "GET /api/signals/active?category=crypto&asset=BNB%2FUSD&timeframe=5m HTTP/1.1" 200 OK
INFO:     2a01:e11:1e:3e0:75cd:1b95:a4f7:287:0 - "GET /api/signals/active?category=crypto&asset=BNB%2FUSD&timeframe=5m HTTP/1.1" 200 OK
INFO:     2a01:e11:1e:3e0:75cd:1b95:a4f7:287:0 - "GET /api/signals/active?category=crypto&asset=BNB%2FUSD&timeframe=5m HTTP/1.1" 200 OK
INFO:     2a01:e11:1e:3e0:75cd:1b95:a4f7:287:0 - "GET /api/signals/active?category=crypto&asset=BNB%2FUSD&timeframe=5m HTTP/1.1" 200 OK
INFO:     2a01:e11:1e:3e0:75cd:1b95:a4f7:287:0 - "GET /api/signals/active?category=crypto&asset=BNB%2FUSD&timeframe=5m HTTP/1.1" 200 OK
INFO:     2a01:e11:1e:3e0:75cd:1b95:a4f7:287:0 - "GET /api/signals/active?category=crypto&asset=BNB%2FUSD&timeframe=5m HTTP/1.1" 200 OK
INFO:     2a01:e11:1e:3e0:75cd:1b95:a4f7:287:0 - "GET /api/signals/active?category=crypto&asset=BNB%2FUSD&timeframe=5m HTTP/1.1" 200 OK
INFO:     2a01:e11:1e:3e0:75cd:1b95:a4f7:287:0 - "GET /api/signals/active?category=crypto&asset=BNB%2FUSD&timeframe=5m HTTP/1.1" 200 OK
INFO:     2a01:e11:1e:3e0:75cd:1b95:a4f7:287:0 - "GET /api/signals/active?category=crypto&asset=BNB%2FUSD&timeframe=5m HTTP/1.1" 200 OK
INFO:     2a01:e11:1e:3e0:75cd:1b95:a4f7:287:0 - "POST /api/sessions/mark HTTP/1.1" 200 OK
INFO:     2a01:e11:1e:3e0:75cd:1b95:a4f7:287:0 - "GET /api/signals/active?category=crypto&asset=BNB%2FUSD&timeframe=5m HTTP/1.1" 200 OK
INFO:     2a01:e11:1e:3e0:75cd:1b95:a4f7:287:0 - "OPTIONS /api/sessions/end HTTP/1.1" 200 OK
INFO:     2a01:e11:1e:3e0:75cd:1b95:a4f7:287:0 - "POST /api/sessions/end HTTP/1.1" 200 OK
INFO:     2a01:e11:1e:3e0:75cd:1b95:a4f7:287:0 - "OPTIONS /api/sessions/history HTTP/1.1" 200 OK
INFO:     2a01:e11:1e:3e0:75cd:1b95:a4f7:287:0 - "OPTIONS /api/sessions/stats HTTP/1.1" 200 OK
INFO:     2a01:e11:1e:3e0:75cd:1b95:a4f7:287:0 - "GET /api/sessions/history HTTP/1.1" 200 OK
INFO:     2a01:e11:1e:3e0:75cd:1b95:a4f7:287:0 - "GET /api/sessions/stats HTTP/1.1" 200 OK
INFO:     2a01:e11:1e:3e0:75cd:1b95:a4f7:287:0 - "OPTIONS /api/sessions/active HTTP/1.1" 200 OK
INFO:     2a01:e11:1e:3e0:75cd:1b95:a4f7:287:0 - "GET /api/sessions/history HTTP/1.1" 200 OK
INFO:     2a01:e11:1e:3e0:75cd:1b95:a4f7:287:0 - "GET /api/sessions/stats HTTP/1.1" 200 OK
INFO:     2a01:e11:1e:3e0:75cd:1b95:a4f7:287:0 - "GET /api/sessions/active HTTP/1.1" 200 OK
INFO:     2a01:e11:1e:3e0:75cd:1b95:a4f7:287:0 - "GET /api/sessions/history HTTP/1.1" 200 OK
INFO:     2a01:e11:1e:3e0:75cd:1b95:a4f7:287:0 - "GET /api/sessions/active HTTP/1.1" 200 OK
INFO:     2a01:e11:1e:3e0:75cd:1b95:a4f7:287:0 - "GET /api/sessions/stats HTTP/1.1" 200 OK
INFO:     2a01:e11:1e:3e0:75cd:1b95:a4f7:287:0 - "GET /api/sessions/active HTTP/1.1" 200 OK
INFO:     2a01:e11:1e:3e0:75cd:1b95:a4f7:287:0 - "GET /api/sessions/history HTTP/1.1" 200 OK
INFO:     2a01:e11:1e:3e0:75cd:1b95:a4f7:287:0 - "GET /api/sessions/stats HTTP/1.1" 200 OK
INFO:     2a01:e11:1e:3e0:75cd:1b95:a4f7:287:0 - "GET /api/sessions/history HTTP/1.1" 200 OK
INFO:     2a01:e11:1e:3e0:75cd:1b95:a4f7:287:0 - "GET /api/sessions/active HTTP/1.1" 200 OK
INFO:     2a01:e11:1e:3e0:75cd:1b95:a4f7:287:0 - "GET /api/sessions/stats HTTP/1.1" 200 OK
